MO EppCtrl NULL EppCtrl.v vlg3E/_epp_ctrl.bin 1447704901
MO BRAMAB NULL ipcore_dir/BRAMAB.v vlg25/_b_r_a_m_a_b.bin 1447704901
MO Epp_top NULL Epp_top.v vlg5F/_epp__top.bin 1447704901
MO BlockRam NULL ipcore_dir/BlockRam.v vlg27/_block_ram.bin 1447110299
MO BramComCtrl NULL BramComCtrl.v vlg3A/_bram_com_ctrl.bin 1447704901
